// Vitest Snapshot v1, https://vitest.dev/guide/snapshot.html

exports[`QUEST_SEEDS > has stable ids — a failure here means a title change would orphan user progress 1`] = `
[
  "w1-d1-watch-destcert-domain-1-mindmap-video-1-",
  "w1-d1-read-cissprep-net-domain-1",
  "w1-d1-start-flashcard-deck",
  "w1-d2-watch-destcert-domain-1-mindmap-video-2-",
  "w1-d2-memorize-risk-formulas",
  "w1-d3-watch-destcert-domain-1-mindmap-video-3-",
  "w1-d3-flashcard-review",
  "w1-d4-watch-destcert-domain-2-mindmap-video-1-",
  "w1-d4-read-cissprep-net-domain-2",
  "w1-d5-watch-destcert-domain-2-mindmap-video-2-",
  "w1-d5-add-data-role-flashcards",
  "w1-d6-quantum-domain-1-quiz-25-q-",
  "w1-d6-quantum-domain-2-quiz-25-q-",
  "w1-d7-review-all-misses-from-week-1",
  "w2-d1-watch-destcert-domain-3-mindmap-video-1-",
  "w2-d1-security-models-flashcards",
  "w2-d2-watch-destcert-domain-3-mindmap-video-3-",
  "w2-d2-crypto-deep-dive",
  "w2-d3-read-cissprep-net-domain-3",
  "w2-d3-flashcard-review",
  "w2-d4-watch-destcert-domain-4-mindmap-video-1-",
  "w2-d4-osi-model-flashcards",
  "w2-d5-watch-destcert-domain-4-mindmap-video-3-",
  "w2-d5-read-cissprep-net-domain-4",
  "w2-d6-quantum-domain-3-quiz-30-q-",
  "w2-d6-quantum-domain-4-quiz-30-q-",
  "w2-d7-crypto-remediation",
  "w3-d1-watch-destcert-domain-5-mindmap-all-",
  "w3-d1-sso-protocol-flashcards",
  "w3-d2-watch-destcert-domain-6-mindmap-all-",
  "w3-d2-read-cissprep-net-domains-5-6",
  "w3-d3-watch-destcert-domain-7-mindmap-all-",
  "w3-d3-ir-lifecycle-flashcards",
  "w3-d4-watch-destcert-domain-8-mindmap-all-",
  "w3-d4-read-cissprep-net-domains-7-8",
  "w3-d5-review-flashcard-deck-end-to-end",
  "w3-d6-quantum-domain-5-quiz-25-q-",
  "w3-d6-quantum-domain-6-quiz-25-q-",
  "w3-d7-quantum-domain-7-quiz-25-q-",
  "w3-d7-quantum-domain-8-quiz-25-q-",
  "w4-d1-full-exam-1-150-q-3-hr-",
  "w4-d2-review-every-wrong-answer",
  "w4-d3-categorize-every-miss",
  "w4-d4-deep-dive-weakest-domain-1",
  "w4-d4-targeted-40-q-in-weakest-domain-1",
  "w4-d5-deep-dive-weakest-domain-2",
  "w4-d6-targeted-40-q-in-weakest-domain-2",
  "w4-d7-flashcard-deck-full-pass",
  "w5-d1-50-q-drill-in-weak-domain-1",
  "w5-d2-50-q-drill-in-weak-domain-2",
  "w5-d3-cross-domain-risk-controls-testing-ops",
  "w5-d4-cross-domain-data-encryption-access-audi",
  "w5-d5-cross-domain-ir-evidence-legal",
  "w5-d5-cross-domain-sdlc-vuln-testing-change-mg",
  "w5-d6-75-question-mixed-domain-timed-set",
  "w5-d7-review-all-wrong-answers-flashcard-updat",
  "w6-d1-full-exam-2-150-q-3-hr-",
  "w6-d2-miss-analysis-by-type",
  "w6-d3-subtopic-drill-pki-bcp-hot-subtopic",
  "w6-d4-targeted-30-40-q-on-the-specific-subtopi",
  "w6-d5-fix-subtopics-day-2",
  "w6-d6-50-mixed-domain-questions",
  "w6-d7-flashcard-deck-prune",
  "w7-d1-full-exam-3-150-q-3-hr-",
  "w7-d2-review-wrong-answers-only",
  "w7-d3-flashcard-full-pass",
  "w7-d4-isc2-outline-walkthrough",
  "w7-d5-50-q-mixed-timed-set-60-min-",
  "w7-d6-rest-day",
  "w7-d7-memorization-tables-lock-in",
  "w8-d1-flashcards-final-pass",
  "w8-d2-cissprep-net-quick-ref-for-two-weakest-d",
  "w8-d3-rest-day",
  "w8-d4-exam-day",
]
`;
